// Vitest Snapshot v1, https://vitest.dev/guide/snapshot.html

exports[`should generate sourcemap 1`] = `
"#test.s-XsEmFtvddWTw{color:red}.s-XsEmFtvddWTw{}
/*# sourceMappingURL=data:application/json;base64,eyJ2ZXJzaW9uIjozLCJmaWxlIjoiQXBwLnN2ZWx0ZSIsIm1hcHBpbmdzIjoiQUFJRSxvQkFBQSxDQUNDLEtBQUEsQ0FBQSIsIm5hbWVzIjpbXSwic291cmNlcyI6WyJBcHAuc3ZlbHRlIl0sInNvdXJjZXNDb250ZW50IjpbIjxkaXYgaWQ9XCJ0ZXN0XCI+cmVkPC9kaXY+XG5cbjxzdHlsZSBsYW5nPVwic2Nzc1wiPlxuXHQjdGVzdCB7XG5cdFx0JiB7XG5cdFx0XHRjb2xvcjogcmVkO1xuXHRcdH1cblx0fVxuPC9zdHlsZT5cbiJdfQ== */"
`;
